WARNING: SNYK_TOKEN environment variable is not set. The scanner will likely fail.
Found 614 skills in the README.
Limiting to first 1 skills for testing.

[1/1] Processing anthropics_docx...
  URL: https://github.com/anthropics/skills.git
  Scanning G:\Antigravity\Projects\Skills\external\temp_clones\anthropics\skills\skills\docx...
  SCAN FAILED OR VULNERABILITY FOUND: Traceback (most recent call last):
  File "<frozen runpy>", line 198, in _run_module_as_main
  File "<frozen runpy>", line 88, in _run_code
  File "G:\Antigravity\Projects\Skills\external\agent-scan\s...

--- Batch Process Complete ---
Successfully Vetted & Copied: 0
Failed / Vulnerable / Errors: 1
